[sustainabilityreport2019.abb.com/overview/contribution-to-sustainable-development.html]
[backblue.gif]
[fade.gif]
[index.html]
[sustainabilityreport2019.abb.com/layout/img/og-social.png]
[sustainabilityreport2019.abb.com/overview/business-model.html]
[sustainabilityreport2019.abb.com/layout/css/main.css]
[sustainabilityreport2019.abb.com/servicepages/tablestyle.css]
[sustainabilityreport2019.abb.com/layout/js/modernizr.js]
[sustainabilityreport2019.abb.com/layout/js/jquery.js]
[sustainabilityreport2019.abb.com/layout/js/nxr-2.0.js]
[sustainabilityreport2019.abb.com/layout/js/plugins.js]
[sustainabilityreport2019.abb.com/overview/contribution-to-sustainable-development/page-config.js]
[sustainabilityreport2019.abb.com/overview/abb-at-a-glance.html]
[sustainabilityreport2019.abb.com/overview/chairman-and-ceo-message.html]
[sustainabilityreport2019.abb.com/overview/awards-and-achievements.html]
[sustainabilityreport2019.abb.com/overview/progress-towards-targets.html]
[sustainabilityreport2019.abb.com/overview/contribution-to-sustainable-development.html]
[sustainabilityreport2019.abb.com/overview/definitions-and-methodology.html]
[sustainabilityreport2019.abb.com/overview/business-model/page-config.js]
[sustainabilityreport2019.abb.com/overview/business-model.html]
[sustainabilityreport2019.abb.com/layout/img/swipe.png]
[sustainabilityreport2019.abb.com/layout/css/main.css]
[sustainabilityreport2019.abb.com/servicepages/tablestyle.css]
[www.googletagmanager.com/gtm5445.html]
[sustainabilityreport2019.abb.com/overview/abb-at-a-glance/page-config.js]
[sustainabilityreport2019.abb.com/overview/abb-at-a-glance.html]
[sustainabilityreport2019.abb.com/overview/chairman-and-ceo-message/page-config.js]
[sustainabilityreport2019.abb.com/pics/img/06a.jpg]
[sustainabilityreport2019.abb.com/pics/img/06a_en.png]
[sustainabilityreport2019.abb.com/overview/chairman-and-ceo-message.html]
[sustainabilityreport2019.abb.com/overview/awards-and-achievements/page-config.js]
[sustainabilityreport2019.abb.com/pics/img/07a_en.png]
[sustainabilityreport2019.abb.com/pics/img/07b_en.png]
[sustainabilityreport2019.abb.com/pics/img/07c_en.png]
[sustainabilityreport2019.abb.com/pics/img/07d_en.png]
[sustainabilityreport2019.abb.com/pics/img/07e_en.png]
[sustainabilityreport2019.abb.com/overview/awards-and-achievements.html]
[sustainabilityreport2019.abb.com/overview/progress-towards-targets/page-config.js]
[sustainabilityreport2019.abb.com/overview/progress-towards-targets.html]
[sustainabilityreport2019.abb.com/overview/definitions-and-methodology/page-config.js]
[sustainabilityreport2019.abb.com/overview/definitions-and-methodology.html]
